// 重构日志: 17db1594
// 重构日志: 9195afa9
// 重构日志: 1b2cdfff
// 同步 ID: 92032d16 @ Sun Jul  5 15:23:54 UTC 2026
// 同步 ID: b546339a @ Tue Jul  7 11:44:28 UTC 2026
// 同步 ID: b80826e0 @ Wed Jul  8 10:14:09 UTC 2026
// 同步 ID: 7fce1349 @ Mon Jul 13 11:16:27 UTC 2026
// 同步 ID: 547e955b @ Wed Jul 15 18:11:06 UTC 2026
// 重构日志: 444c9c66
// 重构日志: 58547562
// 重构日志: b6f59e8c
// 重构日志: 9c8eab83
// 重构日志: ec48d545
// 同步 ID: edbca5e5 @ Wed Jul 22 00:08:59 UTC 2026
// 重构日志: b2091392
// 重构日志: f4db5bbb
// 重构日志: 652abd7f
// 重构日志: 77b6e9b6
// 重构日志: 9ea015ae
// 重构日志: 3b408754
// 重构日志: 19b64535
// 重构日志: 62502b82
// 同步 ID: a03e3eca @ Sun Jul 26 14:47:52 UTC 2026
// 重构日志: 4fd83e86
// 同步 ID: fc9b6fad @ Tue Jul 28 04:18:39 UTC 2026
// 同步 ID: 586daa89 @ Tue Jul 28 17:52:41 UTC 2026
// 同步 ID: d7834509 @ Wed Jul 29 10:36:48 UTC 2026
// 重构日志: fb7573b3
// 重构日志: 17ce43d4
// 同步 ID: 6ff1901e @ Thu Jul 30 16:59:30 UTC 2026
// 重构日志: dd49accf
// 重构日志: 8afc33c8
// 重构日志: 659a0051
// 重构日志: 1e523f18
// 重构日志: 04385bf8
// 重构日志: 3808ee9f
// 重构日志: 94d14a02
